
> react-typescript-starter@0.1.0 test
> react-scripts test "--coverage"

FAIL src/App.test.tsx
  ● Console

    console.warn
      MUI: The value provided to Autocomplete is invalid.
      None of the options match with `""`.
      You can use the `isOptionEqualToValue` prop to customize the equality test.

      at useAutocomplete (node_modules/@mui/base/node/AutocompleteUnstyled/useAutocomplete.js:238:17)
      at Autocomplete (node_modules/@mui/material/node/Autocomplete/Autocomplete.js:477:33)
      at renderWithHooks (node_modules/react-dom/cjs/react-dom.development.js:14985:18)
      at updateForwardRef (node_modules/react-dom/cjs/react-dom.development.js:17044:20)
      at beginWork (node_modules/react-dom/cjs/react-dom.development.js:19098:16)
      at beginWork$1 (node_modules/react-dom/cjs/react-dom.development.js:23940:14)
      at performUnitOfWork (node_modules/react-dom/cjs/react-dom.development.js:22779:12)
      at workLoopSync (node_modules/react-dom/cjs/react-dom.development.js:22707:5)

    console.warn
      MUI: The value provided to Autocomplete is invalid.
      None of the options match with `""`.
      You can use the `isOptionEqualToValue` prop to customize the equality test.

      at useAutocomplete (node_modules/@mui/base/node/AutocompleteUnstyled/useAutocomplete.js:238:17)
      at Autocomplete (node_modules/@mui/material/node/Autocomplete/Autocomplete.js:477:33)
      at renderWithHooks (node_modules/react-dom/cjs/react-dom.development.js:14985:18)
      at updateForwardRef (node_modules/react-dom/cjs/react-dom.development.js:17044:20)
      at beginWork (node_modules/react-dom/cjs/react-dom.development.js:19098:16)
      at beginWork$1 (node_modules/react-dom/cjs/react-dom.development.js:23940:14)
      at performUnitOfWork (node_modules/react-dom/cjs/react-dom.development.js:22779:12)
      at workLoopSync (node_modules/react-dom/cjs/react-dom.development.js:22707:5)

  ● Welcome › renders welcome modal and usage guide

    expect(received).toBeInTheDocument()

    received value must be an HTMLElement or an SVGElement.
    Received has value: null

      11 | describe("Welcome", () => {
      12 |     it("renders welcome modal and usage guide", () => {
    > 13 |         expect(screen.queryByText("Welcome")).toBeInTheDocument();
         |                                               ^
      14 |     });
      15 |     it("closes welcome modal when click close button", () => {
      16 |         fireEvent.click(screen.getByRole("button", { name: "Close Guide" }));

      at __EXTERNAL_MATCHER_TRAP__ (node_modules/expect/build/index.js:386:30)
      at Object.toBeInTheDocument (node_modules/expect/build/index.js:387:15)
      at Object.<anonymous> (src/App.test.tsx:13:47)

  ● Welcome › closes welcome modal when click close button

    TestingLibraryElementError: Unable to find an accessible element with the role "button" and name "Close Guide"

    There are no accessible roles. But there might be some inaccessible roles. If you wish to access them, then set the `hidden` option to `true`. Learn more about this here: https://testing-library.com/docs/dom-testing-library/api-queries#byrole

    Ignored nodes: comments, <script />, <style />
    [36m<body[39m
      [33mclass[39m=[32m""[39m
      [33mstyle[39m=[32m"padding-right: 1024px;"[39m
    [36m/>[39m

      14 |     });
      15 |     it("closes welcome modal when click close button", () => {
    > 16 |         fireEvent.click(screen.getByRole("button", { name: "Close Guide" }));
         |                                ^
      17 |         expect(screen.queryByText("Usage Guide")).not.toBeInTheDocument();
      18 |     });
      19 |     it("renders welcome modal when click Help button", () => {

      at Object.getElementError (node_modules/@testing-library/dom/dist/config.js:38:19)
      at node_modules/@testing-library/dom/dist/query-helpers.js:90:38
      at node_modules/@testing-library/dom/dist/query-helpers.js:62:17
      at getByRole (node_modules/@testing-library/dom/dist/query-helpers.js:111:19)
      at Object.<anonymous> (src/App.test.tsx:16:32)

  ● Welcome › renders welcome modal when click Help button

    TestingLibraryElementError: Unable to find an accessible element with the role "button" and name "Close Guide"

    There are no accessible roles. But there might be some inaccessible roles. If you wish to access them, then set the `hidden` option to `true`. Learn more about this here: https://testing-library.com/docs/dom-testing-library/api-queries#byrole

    Ignored nodes: comments, <script />, <style />
    [36m<body[39m
      [33mclass[39m=[32m""[39m
      [33mstyle[39m=[32m"padding-right: 1024px;"[39m
    [36m/>[39m

      18 |     });
      19 |     it("renders welcome modal when click Help button", () => {
    > 20 |         fireEvent.click(screen.getByRole("button", { name: "Close Guide" })); //close the modal first
         |                                ^
      21 |         expect(screen.queryByText("Usage Guide")).not.toBeInTheDocument();
      22 |         fireEvent.click(screen.getByRole("button", { name: "Help" })); //then reopen modal with help button
      23 |         expect(screen.queryByText("Usage Guide")).toBeInTheDocument();

      at Object.getElementError (node_modules/@testing-library/dom/dist/config.js:38:19)
      at node_modules/@testing-library/dom/dist/query-helpers.js:90:38
      at node_modules/@testing-library/dom/dist/query-helpers.js:62:17
      at getByRole (node_modules/@testing-library/dom/dist/query-helpers.js:111:19)
      at Object.<anonymous> (src/App.test.tsx:20:32)

FAIL src/components/ShowSemesters.test.tsx
  ● Test suite failed to run

    Your test suite must contain at least one test.

      at onResult (node_modules/@jest/core/build/TestScheduler.js:175:18)
      at node_modules/@jest/core/build/TestScheduler.js:316:17
      at node_modules/emittery/index.js:260:13
          at Array.map (<anonymous>)
      at Emittery.emit (node_modules/emittery/index.js:258:23)

----------------------|---------|----------|---------|---------|-----------------------------------------------------------------------------------------------------------------------------------------------------------------------------
File                  | % Stmts | % Branch | % Funcs | % Lines | Uncovered Line #s                                                                                                                                                           
----------------------|---------|----------|---------|---------|-----------------------------------------------------------------------------------------------------------------------------------------------------------------------------
All files             |   20.05 |    27.14 |    9.87 |   20.11 |                                                                                                                                                                             
 src                  |     100 |      100 |     100 |     100 |                                                                                                                                                                             
  App.tsx             |     100 |      100 |     100 |     100 |                                                                                                                                                                             
 src/components       |    19.6 |    27.14 |    9.31 |   19.65 |                                                                                                                                                                             
  CSVExport.tsx       |       0 |      100 |       0 |       0 | 9-38                                                                                                                                                                        
  CSVImport.tsx       |   24.13 |       20 |      30 |      25 | 16,36-114,175                                                                                                                                                               
  CourseAdder.tsx     |       0 |        0 |       0 |       0 | 24-72                                                                                                                                                                       
  CourseModal.tsx     |       0 |        0 |       0 |       0 | 28-219                                                                                                                                                                      
  CoursePool.tsx      |   45.16 |        0 |   27.27 |   43.33 | 30-58,62,80-121,131-135                                                                                                                                                     
  CreatePlan.tsx      |   29.16 |    33.33 |      25 |   29.16 | 19-31,50-84,124-146                                                                                                                                                         
  CreateSemesters.tsx |       0 |        0 |       0 |       0 | 19-88                                                                                                                                                                       
  CreateYear.tsx      |       0 |        0 |       0 |       0 | 18-140                                                                                                                                                                      
  HelpModal.tsx       |   66.66 |      100 |   33.33 |     100 |                                                                                                                                                                             
  Requirements.tsx    |   34.23 |    41.46 |    7.69 |   34.23 | 43-50,60-67,78-83,87-92,103,114-119,123-130,141-146,150-157,168-173,177-184,195-200,204-211,222-227,231-238,248-253,256-263,273-278,281-288,298-303,319-327,347-389,425-434 
  ShowCourses.tsx     |       0 |        0 |       0 |       0 | 22-200                                                                                                                                                                      
 src/interfaces       |       0 |        0 |       0 |       0 |                                                                                                                                                                             
  course.ts           |       0 |        0 |       0 |       0 |                                                                                                                                                                             
  plan.ts             |       0 |        0 |       0 |       0 |                                                                                                                                                                             
  semester.ts         |       0 |        0 |       0 |       0 |                                                                                                                                                                             
  year.ts             |       0 |        0 |       0 |       0 |                                                                                                                                                                             
----------------------|---------|----------|---------|---------|-----------------------------------------------------------------------------------------------------------------------------------------------------------------------------
Test Suites: 2 failed, 2 total
Tests:       3 failed, 1 passed, 4 total
Snapshots:   0 total
Time:        4.187 s
Ran all test suites.
